\BOOKMARK [1][-]{section.2}{\376\377\000I\000n\000t\000r\000o\000d\000u\000c\000t\000i\000o\000n}{}% 1
\BOOKMARK [1][-]{section.3}{\376\377\000E\000x\000p\000e\000r\000i\000m\000e\000n\000t\000a\000l\000\040\000S\000e\000t\000u\000p}{}% 2
\BOOKMARK [2][-]{subsection.4}{\376\377\000H\000a\000r\000d\000w\000a\000r\000e}{section.3}% 3
\BOOKMARK [2][-]{subsection.5}{\376\377\000S\000o\000f\000t\000w\000a\000r\000e}{section.3}% 4
\BOOKMARK [2][-]{subsection.6}{\376\377\000M\000o\000d\000e\000l\000\040\000C\000o\000n\000f\000i\000g\000u\000r\000a\000t\000i\000o\000n\000s}{section.3}% 5
\BOOKMARK [2][-]{subsection.8}{\376\377\000M\000e\000t\000h\000o\000d\000o\000l\000o\000g\000y}{section.3}% 6
\BOOKMARK [1][-]{section.10}{\376\377\000T\000h\000e\000\040\000C\000a\000p\000a\000c\000i\000t\000y\000\040\000G\000a\000t\000e}{}% 7
\BOOKMARK [2][-]{subsection.11}{\376\377\000M\000o\000d\000e\000l\000\040\000s\000t\000a\000t\000e\000m\000e\000n\000t}{section.10}% 8
\BOOKMARK [2][-]{subsection.12}{\376\377\000T\000h\000e\000\040\000g\000a\000t\000e\000\040\000f\000i\000g\000u\000r\000e}{section.10}% 9
\BOOKMARK [2][-]{subsection.14}{\376\377\000R\000e\000a\000l\000\040\000d\000e\000n\000s\000e\000\040\000s\000h\000a\000p\000e\000s\000:\000\040\000t\000h\000e\000\040\000g\000a\000t\000e\000\040\000i\000s\000\040\000o\000p\000e\000r\000a\000n\000d\000-\000a\000w\000a\000r\000e}{section.10}% 10
\BOOKMARK [2][-]{subsection.15}{\376\377\000T\000h\000e\000\040\000s\000e\000r\000v\000e\000d\000\040\000c\000h\000e\000c\000k}{section.10}% 11
\BOOKMARK [1][-]{section.16}{\376\377\000B\000o\000u\000n\000d\000a\000r\000y\000\040\000C\000o\000n\000d\000i\000t\000i\000o\000n\000s}{}% 12
\BOOKMARK [1][-]{section.17}{\376\377\000C\000r\000o\000s\000s\000-\000A\000r\000c\000h\000i\000t\000e\000c\000t\000u\000r\000e\000\040\000T\000r\000a\000n\000s\000f\000e\000r}{}% 13
\BOOKMARK [1][-]{section.19}{\376\377\000T\000h\000e\000\040\000D\000i\000s\000p\000a\000t\000c\000h\000\040\000C\000o\000s\000t\000\040\000M\000o\000d\000e\000l}{}% 14
\BOOKMARK [1][-]{section.21}{\376\377\000A\000t\000t\000e\000n\000t\000i\000o\000n\000\040\000K\000e\000r\000n\000e\000l\000\040\000V\000a\000l\000i\000d\000a\000t\000i\000o\000n}{}% 15
\BOOKMARK [2][-]{subsection.22}{\376\377\000D\000e\000c\000o\000d\000e\000:\000\040\000B\000a\000n\000d\000w\000i\000d\000t\000h\000\040\000S\000c\000a\000l\000i\000n\000g}{section.21}% 16
\BOOKMARK [2][-]{subsection.26}{\376\377\000D\000e\000c\000o\000d\000e\000:\000\040\000N\000C\000U\000\040\000A\000n\000a\000l\000y\000s\000i\000s}{section.21}% 17
\BOOKMARK [2][-]{subsection.28}{\376\377\000P\000r\000e\000f\000i\000l\000l\000:\000\040\000T\000F\000L\000O\000P\000S\000\040\000S\000c\000a\000l\000i\000n\000g}{section.21}% 18
\BOOKMARK [2][-]{subsection.31}{\376\377\000P\000r\000e\000f\000i\000l\000l\000:\000\040\000N\000C\000U\000\040\000R\000o\000o\000t\000\040\000C\000a\000u\000s\000e\000\040\000A\000n\000a\000l\000y\000s\000i\000s}{section.21}% 19
\BOOKMARK [3][-]{subsubsection.33}{\376\377\000F\000i\000n\000d\000i\000n\000g\000:\000\040\000T\000M\000A\000\040\000v\000s\000.\000\040\000G\000l\000o\000b\000a\000l\000\040\000L\000o\000a\000d\000s\000\040\000\050\000N\000o\000t\000\040\000`\000`\000C\000a\000c\000h\000e\000\040\000H\000i\000t\000\040\000R\000a\000t\000e\000'\000'\000\051}{subsection.31}% 20
\BOOKMARK [3][-]{subsubsection.34}{\376\377\000F\000i\000n\000d\000i\000n\000g\000:\000\040\000N\000o\000\040\000R\000e\000g\000i\000s\000t\000e\000r\000\040\000S\000p\000i\000l\000l\000s\000\040\000\050\000O\000c\000c\000u\000p\000a\000n\000c\000y\000-\000O\000n\000l\000y\000\040\000B\000o\000t\000t\000l\000e\000n\000e\000c\000k\000\051}{subsection.31}% 21
\BOOKMARK [3][-]{subsubsection.38}{\376\377\000F\000i\000n\000d\000i\000n\000g\000:\000\040\000C\000o\000o\000p\000e\000r\000a\000t\000i\000v\000e\000\040\000G\000r\000i\000d\000\040\000v\000s\000.\000\040\000W\000a\000v\000e\000\040\000Q\000u\000a\000n\000t\000i\000z\000a\000t\000i\000o\000n}{subsection.31}% 22
\BOOKMARK [1][-]{section.39}{\376\377\000C\000a\000s\000e\000\040\000S\000t\000u\000d\000y\000:\000\040\000M\000L\000A\000\040\000R\000e\000c\000o\000n\000s\000t\000r\000u\000c\000t\000i\000o\000n\000\040\000a\000n\000d\000\040\000t\000h\000e\000\040\000I\000N\000T\0004\000\040\000N\000e\000g\000a\000t\000i\000v\000e\000\040\000R\000e\000s\000u\000l\000t}{}% 23
\BOOKMARK [2][-]{subsection.40}{\376\377\000C\000o\000s\000t\000\040\000B\000r\000e\000a\000k\000d\000o\000w\000n\000:\000\040\000D\000e\000e\000p\000S\000e\000e\000k\000-\000V\0003\000\040\000A\000r\000c\000h\000i\000t\000e\000c\000t\000u\000r\000e}{section.39}% 24
\BOOKMARK [2][-]{subsection.43}{\376\377\000R\000o\000o\000f\000l\000i\000n\000e\000\040\000A\000n\000a\000l\000y\000s\000i\000s\000:\000\040\000M\000e\000m\000o\000r\000y\000-\000B\000o\000u\000n\000d\000\040\000a\000t\000\040\000A\000l\000l\000\040\000B\000a\000t\000c\000h\000\040\000S\000i\000z\000e\000s}{section.39}% 25
\BOOKMARK [1][-]{section.46}{\376\377\000C\000a\000s\000e\000\040\000S\000t\000u\000d\000y\000\040\000\050\000c\000o\000n\000t\000.\000\051\000:\000\040\000I\000N\000T\0004\000\040\000M\000i\000t\000i\000g\000a\000t\000i\000o\000n\000\040\000a\000n\000d\000\040\000t\000h\000e\000\040\000L\0002\000\040\000C\000a\000c\000h\000e\000\040\000B\000a\000r\000r\000i\000e\000r}{}% 26
\BOOKMARK [2][-]{subsection.47}{\376\377\000P\000e\000r\000p\000l\000e\000x\000i\000t\000y\000\040\000E\000v\000a\000l\000u\000a\000t\000i\000o\000n}{section.46}% 27
\BOOKMARK [2][-]{subsection.50}{\376\377\000W\000h\000y\000\040\000R\000e\000c\000o\000n\000s\000t\000r\000u\000c\000t\000i\000o\000n\000\040\000W\000e\000i\000g\000h\000t\000s\000\040\000A\000r\000e\000\040\000Q\000u\000a\000n\000t\000i\000z\000a\000t\000i\000o\000n\000-\000F\000r\000i\000e\000n\000d\000l\000y}{section.46}% 28
\BOOKMARK [2][-]{subsection.54}{\376\377\000T\000h\000e\000o\000r\000e\000t\000i\000c\000a\000l\000\040\000S\000p\000e\000e\000d\000u\000p}{section.46}% 29
\BOOKMARK [2][-]{subsection.57}{\376\377\000M\000e\000a\000s\000u\000r\000e\000d\000\040\000K\000e\000r\000n\000e\000l\000\040\000P\000e\000r\000f\000o\000r\000m\000a\000n\000c\000e}{section.46}% 30
\BOOKMARK [2][-]{subsection.60}{\376\377\000T\000h\000e\000\040\000L\0002\000\040\000C\000a\000c\000h\000e\000\040\000B\000a\000r\000r\000i\000e\000r\000:\000\040\000W\000h\000y\000\040\000R\000o\000o\000f\000l\000i\000n\000e\000\040\000F\000a\000i\000l\000s\000\040\000f\000o\000r\000\040\000S\000m\000a\000l\000l\000-\000M\000a\000t\000r\000i\000x\000\040\000M\000L\000A\000\040\000R\000e\000c\000o\000n\000s\000t\000r\000u\000c\000t\000i\000o\000n}{section.46}% 31
\BOOKMARK [2][-]{subsection.65}{\376\377\000A\000\040\000M\000e\000a\000s\000u\000r\000e\000d\000\040\000C\000a\000c\000h\000e\000-\000A\000w\000a\000r\000e\000\040\000R\000o\000o\000f\000l\000i\000n\000e}{section.46}% 32
\BOOKMARK [2][-]{subsection.68}{\376\377\000C\000l\000o\000s\000i\000n\000g\000\040\000t\000h\000e\000\040\000L\000o\000o\000p\000:\000\040\000W\0008\000A\0008\000\040\000w\000i\000t\000h\000\040\000I\000N\000T\0008\000\040\000T\000e\000n\000s\000o\000r\000-\000C\000o\000r\000e\000\040\000M\000M\000A}{section.46}% 33
\BOOKMARK [2][-]{subsection.72}{\376\377\000G\000e\000n\000e\000r\000a\000l\000i\000z\000a\000t\000i\000o\000n\000:\000\040\000M\000i\000x\000e\000d\000-\000P\000r\000e\000c\000i\000s\000i\000o\000n\000\040\000M\000o\000E\000\040\000\050\000F\000l\000a\000g\000G\000e\000m\000s\000\051}{section.46}% 34
\BOOKMARK [1][-]{section.74}{\376\377\000E\000n\000d\000-\000t\000o\000-\000E\000n\000d\000\040\000C\000o\000n\000t\000e\000x\000t\000\040\000o\000f\000\040\000t\000h\000e\000\040\000C\000a\000s\000e\000\040\000S\000t\000u\000d\000y}{}% 35
\BOOKMARK [1][-]{section.77}{\376\377\000R\000e\000p\000r\000o\000d\000u\000c\000i\000b\000i\000l\000i\000t\000y}{}% 36
\BOOKMARK [1][-]{section.79}{\376\377\000D\000i\000s\000c\000u\000s\000s\000i\000o\000n}{}% 37
\BOOKMARK [2][-]{subsection.80}{\376\377\000I\000m\000p\000l\000i\000c\000a\000t\000i\000o\000n\000s\000\040\000f\000o\000r\000\040\000C\000o\000m\000p\000i\000l\000e\000r\000-\000G\000e\000n\000e\000r\000a\000t\000e\000d\000\040\000A\000t\000t\000e\000n\000t\000i\000o\000n}{section.79}% 38
\BOOKMARK [2][-]{subsection.84}{\376\377\000T\000h\000e\000\040\000O\000c\000c\000u\000p\000a\000n\000c\000y\000\040\000P\000a\000r\000a\000d\000o\000x\000\040\000a\000s\000\040\000D\000e\000s\000i\000g\000n\000\040\000P\000r\000i\000n\000c\000i\000p\000l\000e}{section.79}% 39
\BOOKMARK [2][-]{subsection.85}{\376\377\000M\000L\000A\000:\000\040\000C\000o\000m\000p\000r\000e\000s\000s\000i\000o\000n\000\040\000S\000h\000i\000f\000t\000s\000\040\000t\000h\000e\000\040\000B\000o\000t\000t\000l\000e\000n\000e\000c\000k}{section.79}% 40
\BOOKMARK [2][-]{subsection.86}{\376\377\000S\000e\000l\000e\000c\000t\000i\000v\000e\000\040\000Q\000u\000a\000n\000t\000i\000z\000a\000t\000i\000o\000n\000:\000\040\000Q\000u\000a\000l\000i\000t\000y\000\040\000R\000e\000s\000u\000l\000t}{section.79}% 41
\BOOKMARK [2][-]{subsection.87}{\376\377\000L\000i\000m\000i\000t\000a\000t\000i\000o\000n\000s}{section.79}% 42
\BOOKMARK [1][-]{section.88}{\376\377\000R\000e\000l\000a\000t\000e\000d\000\040\000W\000o\000r\000k}{}% 43
\BOOKMARK [1][-]{section.89}{\376\377\000C\000o\000n\000c\000l\000u\000s\000i\000o\000n}{}% 44
